2026-06-05 14:15:14.586 [background-preinit] INFO  o.h.validator.internal.util.Version -HV000001: Hibernate Validator 6.1.5.Final
2026-06-05 14:15:14.612 [restartedMain] INFO  c.s.e.u.EHubUpstreamApplication -Starting EHubUpstreamApplication on MacBook-Pro-9.local with PID 55539 (/Users/sl/Documents/java/enn/e-hub/e-hub-upstream/target/classes started by sl in /Users/sl/Documents/java/enn/e-hub)
2026-06-05 14:15:14.613 [restartedMain] INFO  c.s.e.u.EHubUpstreamApplication -No active profile set, falling back to default profiles: default
2026-06-05 14:15:14.658 [restartedMain] INFO  o.s.b.d.e.DevToolsPropertyDefaultsPostProcessor -Devtools property defaults active! Set 'spring.devtools.add-properties' to 'false' to disable
2026-06-05 14:15:14.658 [restartedMain] INFO  o.s.b.d.e.DevToolsPropertyDefaultsPostProcessor -For additional web related logging consider setting the 'logging.level.web' property to 'DEBUG'
2026-06-05 14:15:14.976 [background-preinit] WARN  o.s.h.c.j.Jackson2ObjectMapperBuilder -For Jackson Kotlin classes support please add "com.fasterxml.jackson.module:jackson-module-kotlin" to the classpath
2026-06-05 14:15:15.463 [restartedMain] WARN  t.m.s.mapper.ClassPathMapperScanner -No MyBatis mapper was found in '[cn.sl.ehub.upstream.mapper]' package. Please check your configuration.
2026-06-05 14:15:15.665 [restartedMain] WARN  t.m.s.mapper.ClassPathMapperScanner -No MyBatis mapper was found in '[cn.sl.ehub.upstream]' package. Please check your configuration.
2026-06-05 14:15:15.842 [restartedMain] INFO  o.s.d.r.c.RepositoryConfigurationDelegate -Multiple Spring Data modules found, entering strict repository configuration mode!
2026-06-05 14:15:15.843 [restartedMain] INFO  o.s.d.r.c.RepositoryConfigurationDelegate -Bootstrapping Spring Data JDBC repositories in DEFAULT mode.
2026-06-05 14:15:15.863 [restartedMain] INFO  o.s.d.r.c.RepositoryConfigurationDelegate -Finished Spring Data repository scanning in 13ms. Found 0 JDBC repository interfaces.
2026-06-05 14:15:15.880 [restartedMain] INFO  o.s.d.r.c.RepositoryConfigurationDelegate -Multiple Spring Data modules found, entering strict repository configuration mode!
2026-06-05 14:15:15.881 [restartedMain] INFO  o.s.d.r.c.RepositoryConfigurationDelegate -Bootstrapping Spring Data Redis repositories in DEFAULT mode.
2026-06-05 14:15:15.901 [restartedMain] INFO  o.s.d.r.c.RepositoryConfigurationDelegate -Finished Spring Data repository scanning in 5ms. Found 0 Redis repository interfaces.
2026-06-05 14:15:16.069 [restartedMain] WARN  o.m.s.mapper.ClassPathMapperScanner -No MyBatis mapper was found in '[cn.sl.ehub.upstream]' package. Please check your configuration.
2026-06-05 14:15:16.803 [restartedMain] INFO  o.s.b.w.e.tomcat.TomcatWebServer -Tomcat initialized with port(s): 8088 (http)
2026-06-05 14:15:16.814 [restartedMain] INFO  o.a.coyote.http11.Http11NioProtocol -Initializing ProtocolHandler ["http-nio-8088"]
2026-06-05 14:15:16.815 [restartedMain] INFO  o.a.catalina.core.StandardService -Starting service [Tomcat]
2026-06-05 14:15:16.815 [restartedMain] INFO  o.a.catalina.core.StandardEngine -Starting Servlet engine: [Apache Tomcat/9.0.38]
2026-06-05 14:15:16.979 [restartedMain] INFO  o.a.c.c.C.[Tomcat].[localhost].[/] -Initializing Spring embedded WebApplicationContext
2026-06-05 14:15:16.979 [restartedMain] INFO  o.s.b.w.s.c.ServletWebServerApplicationContext -Root WebApplicationContext: initialization completed in 2321 ms
2026-06-05 14:15:17.266 [restartedMain] INFO  cn.sl.ehub.upstream.config.SSLConfig -==========trustStore处理成功
2026-06-05 14:15:17.506 [restartedMain] INFO  cn.sl.ehub.upstream.config.SSLConfig -=========keyStore处理成功
2026-06-05 14:15:17.632 [restartedMain] WARN  o.s.b.w.s.c.AnnotationConfigServletWebServerApplicationContext -Exception encountered during context initialization - cancelling refresh attempt: org.springframework.beans.factory.BeanCreationException: Error creating bean with name 'deliveryController': Injection of resource dependencies failed; nested exception is org.springframework.beans.factory.BeanCreationException: Error creating bean with name 'deliveryService': Injection of resource dependencies failed; nested exception is org.springframework.beans.factory.NoSuchBeanDefinitionException: No qualifying bean of type 'cn.sl.ehub.service.service.TotalDeliveryLogService' available: expected at least 1 bean which qualifies as autowire candidate. Dependency annotations: {@javax.annotation.Resource(shareable=true, lookup=, name=, description=, authenticationType=CONTAINER, type=class java.lang.Object, mappedName=)}
2026-06-05 14:15:17.635 [restartedMain] INFO  o.a.catalina.core.StandardService -Stopping service [Tomcat]
2026-06-05 14:15:17.650 [restartedMain] INFO  o.s.b.a.l.ConditionEvaluationReportLoggingListener -

Error starting ApplicationContext. To display the conditions report re-run your application with 'debug' enabled.
2026-06-05 14:15:17.820 [restartedMain] ERROR o.s.b.d.LoggingFailureAnalysisReporter -

***************************
APPLICATION FAILED TO START
***************************

Description:

A component required a bean of type 'cn.sl.ehub.service.service.TotalDeliveryLogService' that could not be found.


Action:

Consider defining a bean of type 'cn.sl.ehub.service.service.TotalDeliveryLogService' in your configuration.

